[2026-06-03T18:19:32.534Z] GET http://localhost:3000/seller/add → 200 (201ms, 18258B)
[2026-06-03T18:19:32.752Z] GET http://localhost:3000/_next/static/media/01e4147cff8141ee-s.p.10ked.7w885.g.woff2 → 200 (16ms, 37776B)
[2026-06-03T18:19:32.752Z] GET http://localhost:3000/_next/static/media/5c285b27cdda1fe8-s.p.0yo6-5yoeeudq.woff2 → 200 (15ms, 36980B)
[2026-06-03T18:19:32.752Z] GET http://localhost:3000/_next/static/media/8bd76523131fa0fc-s.p.0jox806dnq5~c.woff2 → 200 (15ms, 39304B)
[2026-06-03T18:19:32.753Z] GET http://localhost:3000/_next/static/chunks/%5Broot-of-the-server%5D__0nhqb46._.css → 200 (17ms, 56877B)
[2026-06-03T18:19:32.754Z] GET http://localhost:3000/_next/static/chunks/%5Bturbopack%5D_browser_dev_hmr-client_hmr-client_ts_0gx~mc1._.js → 200 (82ms, 675B)
[2026-06-03T18:19:32.755Z] GET http://localhost:3000/_next/static/chunks/01vs_next_dist_compiled_next-devtools_index_0l-w83u.js → 200 (92ms, 746664B)
[2026-06-03T18:19:32.755Z] GET http://localhost:3000/_next/static/chunks/01vs_next_dist_compiled_react-dom_068f94d._.js → 200 (93ms, 1060415B)
[2026-06-03T18:19:32.755Z] GET http://localhost:3000/_next/static/chunks/01vs_next_dist_compiled_react-server-dom-turbopack_0kj3bu0._.js → 200 (87ms, 175812B)
[2026-06-03T18:19:32.755Z] GET http://localhost:3000/_next/static/chunks/01vs_next_dist_compiled_0x276ti._.js → 200 (88ms, 149115B)
[2026-06-03T18:19:32.755Z] GET http://localhost:3000/_next/static/chunks/01vs_next_dist_client_10-2.sc._.js → 200 (93ms, 800537B)
[2026-06-03T18:19:32.755Z] GET http://localhost:3000/_next/static/chunks/01vs_next_dist_0z7rf41._.js → 200 (89ms, 267762B)
[2026-06-03T18:19:32.756Z] GET http://localhost:3000/_next/static/chunks/0i4a_%40swc_helpers_cjs_0hvz.20._.js → 200 (88ms, 2054B)
[2026-06-03T18:19:32.756Z] GET http://localhost:3000/_next/static/chunks/_0rqeker._.js → 200 (88ms, 700B)
[2026-06-03T18:19:32.756Z] GET http://localhost:3000/_next/static/chunks/turbopack-_0.joa0t._.js → 200 (90ms, 92483B)
[2026-06-03T18:19:32.756Z] GET http://localhost:3000/_next/static/chunks/01vs_next_dist_0fgiqgl._.js → 200 (90ms, 223059B)
[2026-06-03T18:19:32.756Z] GET http://localhost:3000/_next/static/chunks/src_app_layout_tsx_0r.2mg_._.js → 200 (90ms, 307B)
[2026-06-03T18:19:32.756Z] GET http://localhost:3000/_next/static/chunks/src_00n5e~g._.js → 200 (91ms, 122235B)
[2026-06-03T18:19:32.756Z] GET http://localhost:3000/_next/static/chunks/node_modules__pnpm_0ixsdja._.js → 200 (92ms, 283023B)
[2026-06-03T18:19:32.760Z] GET http://localhost:3000/_next/static/chunks/src_app_seller_add_page_tsx_0c-8ay4._.js → 200 (87ms, 292B)
[2026-06-03T18:19:32.760Z] GET http://localhost:3000/_next/static/chunks/01vs_next_dist_client_components_builtin_global-error_0c-8ay4.js → 200 (87ms, 212B)
[2026-06-03T18:19:32.924Z] GET http://localhost:3000/_next/static/chunks/%5Bturbopack%5D_browser_dev_hmr-client_hmr-client_ts_0yjw1oe._.js → 200 (63ms, 15615B)
[2026-06-03T18:19:32.925Z] GET http://localhost:3000/_next/static/chunks/%5Bturbopack%5D_browser_dev_hmr-client_hmr-client_ts_0-hdr98._.js → 200 (62ms, 289B)
[2026-06-03T18:19:36.848Z] POST http://localhost:3000/seller/add → pending (?ms, ?B)
[2026-06-03T18:19:37.283Z] GET http://localhost:3000/__nextjs_font/geist-latin.woff2 → 200 (15ms, 28356B)
[2026-06-03T18:19:57.875Z] GET http://localhost:3000/r/yxga → 200 (412ms, ?B)
[2026-06-03T18:19:58.294Z] GET http://localhost:3000/_next/static/media/01e4147cff8141ee-s.p.10ked.7w885.g.woff2 → 200 (?ms, ?B)
[2026-06-03T18:19:58.295Z] GET http://localhost:3000/_next/static/media/5c285b27cdda1fe8-s.p.0yo6-5yoeeudq.woff2 → 200 (?ms, ?B)
[2026-06-03T18:19:58.295Z] GET http://localhost:3000/_next/static/media/8bd76523131fa0fc-s.p.0jox806dnq5~c.woff2 → 200 (5ms, ?B)
[2026-06-03T18:19:58.300Z] GET http://localhost:3000/_next/static/chunks/%5Broot-of-the-server%5D__0nhqb46._.css → pending (?ms, ?B)
[2026-06-03T18:19:58.300Z] GET https://asqfjnwchqfimcythbla.supabase.co/storage/v1/object/public/item-photos/f44d9c9c-9a97-4a0f-935b-cc9d796265a8.jpg → pending (?ms, ?B)
[2026-06-03T18:19:58.300Z] GET http://localhost:3000/_next/static/chunks/%5Bturbopack%5D_browser_dev_hmr-client_hmr-client_ts_0gx~mc1._.js → pending (?ms, ?B)
[2026-06-03T18:19:58.300Z] GET http://localhost:3000/_next/static/chunks/01vs_next_dist_compiled_next-devtools_index_0l-w83u.js → pending (?ms, ?B)
[2026-06-03T18:19:58.304Z] GET http://localhost:3000/_next/static/chunks/01vs_next_dist_compiled_react-dom_068f94d._.js → pending (?ms, ?B)
[2026-06-03T18:19:58.304Z] GET http://localhost:3000/_next/static/chunks/01vs_next_dist_compiled_react-server-dom-turbopack_0kj3bu0._.js → pending (?ms, ?B)
[2026-06-03T18:19:58.304Z] GET http://localhost:3000/_next/static/chunks/01vs_next_dist_compiled_0x276ti._.js → pending (?ms, ?B)
[2026-06-03T18:19:58.304Z] GET http://localhost:3000/_next/static/chunks/01vs_next_dist_client_10-2.sc._.js → pending (?ms, ?B)
[2026-06-03T18:19:58.304Z] GET http://localhost:3000/_next/static/chunks/01vs_next_dist_0z7rf41._.js → pending (?ms, ?B)
[2026-06-03T18:19:58.304Z] GET http://localhost:3000/_next/static/chunks/0i4a_%40swc_helpers_cjs_0hvz.20._.js → pending (?ms, ?B)
[2026-06-03T18:19:58.310Z] GET http://localhost:3000/_next/static/chunks/_0rqeker._.js → pending (?ms, ?B)
[2026-06-03T18:19:58.310Z] GET http://localhost:3000/_next/static/chunks/turbopack-_0.joa0t._.js → pending (?ms, ?B)
[2026-06-03T18:19:58.310Z] GET http://localhost:3000/_next/static/chunks/01vs_next_dist_0fgiqgl._.js → pending (?ms, ?B)
[2026-06-03T18:19:58.310Z] GET http://localhost:3000/_next/static/chunks/src_app_layout_tsx_0r.2mg_._.js → pending (?ms, ?B)
[2026-06-03T18:19:58.310Z] GET http://localhost:3000/_next/static/chunks/01vs_next_dist_client_components_builtin_global-error_0c-8ay4.js → pending (?ms, ?B)
[2026-06-03T18:19:58.310Z] GET http://localhost:3000/_next/static/chunks/_131mlcl._.js → pending (?ms, ?B)
[2026-06-03T18:19:58.310Z] GET http://localhost:3000/_next/static/chunks/src_app_r_%5Bslug%5D_page_tsx_0c-8ay4._.js → pending (?ms, ?B)
[2026-06-03T18:19:58.389Z] GET http://localhost:3000/_next/static/chunks/%5Bturbopack%5D_browser_dev_hmr-client_hmr-client_ts_0yjw1oe._.js → 304 (15ms, ?B)
[2026-06-03T18:19:58.392Z] GET http://localhost:3000/_next/static/chunks/%5Bturbopack%5D_browser_dev_hmr-client_hmr-client_ts_0-hdr98._.js → 304 (12ms, ?B)
[2026-06-03T18:19:58.397Z] GET http://localhost:3000/__nextjs_font/geist-latin.woff2 → 200 (1ms, ?B)
[2026-06-03T18:20:44.537Z] GET http://localhost:3000/r/yxga/g24c → 200 (795ms, 20795B)
[2026-06-03T18:20:45.340Z] GET http://localhost:3000/_next/static/media/01e4147cff8141ee-s.p.10ked.7w885.g.woff2 → 200 (?ms, ?B)
[2026-06-03T18:20:45.340Z] GET http://localhost:3000/_next/static/media/5c285b27cdda1fe8-s.p.0yo6-5yoeeudq.woff2 → 200 (1ms, ?B)
[2026-06-03T18:20:45.341Z] GET http://localhost:3000/_next/static/media/8bd76523131fa0fc-s.p.0jox806dnq5~c.woff2 → 200 (1ms, ?B)
[2026-06-03T18:20:45.342Z] GET http://localhost:3000/_next/static/chunks/%5Broot-of-the-server%5D__0nhqb46._.css → 304 (24ms, ?B)
[2026-06-03T18:20:45.342Z] GET https://asqfjnwchqfimcythbla.supabase.co/storage/v1/object/public/item-photos/f44d9c9c-9a97-4a0f-935b-cc9d796265a8.jpg → 200 (?ms, 33235B)
[2026-06-03T18:20:45.350Z] GET http://localhost:3000/_next/static/chunks/%5Bturbopack%5D_browser_dev_hmr-client_hmr-client_ts_0gx~mc1._.js → 200 (19ms, 675B)
[2026-06-03T18:20:45.350Z] GET http://localhost:3000/_next/static/chunks/01vs_next_dist_compiled_next-devtools_index_0l-w83u.js → 200 (26ms, 746664B)
[2026-06-03T18:20:45.350Z] GET http://localhost:3000/_next/static/chunks/01vs_next_dist_compiled_react-dom_068f94d._.js → 200 (26ms, 1060415B)
[2026-06-03T18:20:45.350Z] GET http://localhost:3000/_next/static/chunks/01vs_next_dist_compiled_react-server-dom-turbopack_0kj3bu0._.js → 200 (22ms, 175812B)
[2026-06-03T18:20:45.350Z] GET http://localhost:3000/_next/static/chunks/01vs_next_dist_compiled_0x276ti._.js → 200 (22ms, 149115B)
[2026-06-03T18:20:45.350Z] GET http://localhost:3000/_next/static/chunks/01vs_next_dist_client_10-2.sc._.js → 200 (29ms, ?B)
[2026-06-03T18:20:45.351Z] GET http://localhost:3000/_next/static/chunks/01vs_next_dist_0z7rf41._.js → 200 (21ms, 267762B)
[2026-06-03T18:20:45.364Z] GET http://localhost:3000/_next/static/chunks/0i4a_%40swc_helpers_cjs_0hvz.20._.js → 200 (9ms, 2054B)
[2026-06-03T18:20:45.364Z] GET http://localhost:3000/_next/static/chunks/_0rqeker._.js → 200 (8ms, 700B)
[2026-06-03T18:20:45.365Z] GET http://localhost:3000/_next/static/chunks/turbopack-_0.joa0t._.js → 200 (11ms, 92483B)
[2026-06-03T18:20:45.365Z] GET http://localhost:3000/_next/static/chunks/01vs_next_dist_0fgiqgl._.js → 200 (12ms, 223059B)
[2026-06-03T18:20:45.365Z] GET http://localhost:3000/_next/static/chunks/src_app_layout_tsx_0r.2mg_._.js → 200 (12ms, 307B)
[2026-06-03T18:20:45.365Z] GET http://localhost:3000/_next/static/chunks/01vs_next_dist_client_components_builtin_global-error_0c-8ay4.js → 200 (12ms, 212B)
[2026-06-03T18:20:45.365Z] GET http://localhost:3000/_next/static/chunks/01vs_next_dist_08880~w._.js → 200 (16ms, ?B)
[2026-06-03T18:20:45.366Z] GET http://localhost:3000/_next/static/chunks/src_app_r_%5Bslug%5D_%5BitemId%5D_page_tsx_0c-8ay4._.js → 200 (12ms, 255B)
[2026-06-03T18:20:45.381Z] GET http://localhost:3000/_next/static/chunks/%5Bturbopack%5D_browser_dev_hmr-client_hmr-client_ts_0yjw1oe._.js → pending (?ms, ?B)
[2026-06-03T18:20:45.381Z] GET http://localhost:3000/_next/static/chunks/%5Bturbopack%5D_browser_dev_hmr-client_hmr-client_ts_0-hdr98._.js → pending (?ms, ?B)
[2026-06-03T18:20:45.442Z] GET http://localhost:3000/__nextjs_font/geist-latin.woff2 → 200 (?ms, ?B)
[2026-06-03T18:38:34.380Z] GET https://relocate-h9gs4bp1c-rahultjs-projects.vercel.app/seller/add → 200 (147ms, 13032B)
[2026-06-03T18:38:34.550Z] GET https://relocate-h9gs4bp1c-rahultjs-projects.vercel.app/_next/static/media/01e4147cff8141ee-s.p.10ked.7w885.g.woff2 → 200 (77ms, 37776B)
[2026-06-03T18:38:34.550Z] GET https://relocate-h9gs4bp1c-rahultjs-projects.vercel.app/_next/static/media/5c285b27cdda1fe8-s.p.0yo6-5yoeeudq.woff2 → 200 (93ms, 36980B)
[2026-06-03T18:38:34.550Z] GET https://relocate-h9gs4bp1c-rahultjs-projects.vercel.app/_next/static/media/8bd76523131fa0fc-s.p.0jox806dnq5~c.woff2 → 200 (93ms, 39304B)
[2026-06-03T18:38:34.550Z] GET https://relocate-h9gs4bp1c-rahultjs-projects.vercel.app/_next/static/chunks/09qbt~uc09tbp.css → 200 (125ms, 44468B)
[2026-06-03T18:38:34.550Z] GET https://relocate-h9gs4bp1c-rahultjs-projects.vercel.app/_next/static/chunks/0qvmbbkvsw8vu.js → 200 (178ms, 17563B)
[2026-06-03T18:38:34.550Z] GET https://relocate-h9gs4bp1c-rahultjs-projects.vercel.app/_next/static/chunks/012x4mlt-4-7y.js → 200 (121ms, 31981B)
[2026-06-03T18:38:34.551Z] GET https://relocate-h9gs4bp1c-rahultjs-projects.vercel.app/_next/static/chunks/04qdx8k16v0fq.js → 200 (207ms, 227522B)
[2026-06-03T18:38:34.551Z] GET https://relocate-h9gs4bp1c-rahultjs-projects.vercel.app/_next/static/chunks/0yk178_pjv6p1.js → 200 (287ms, 118465B)
[2026-06-03T18:38:34.551Z] GET https://relocate-h9gs4bp1c-rahultjs-projects.vercel.app/_next/static/chunks/06t03k43p8.im.js → 200 (175ms, 50684B)
[2026-06-03T18:38:34.551Z] GET https://relocate-h9gs4bp1c-rahultjs-projects.vercel.app/_next/static/chunks/turbopack-12za02bi51skd.js → 200 (155ms, 11052B)
[2026-06-03T18:38:34.551Z] GET https://relocate-h9gs4bp1c-rahultjs-projects.vercel.app/_next/static/chunks/0ea93mhu-jhty.js → 200 (156ms, 3376B)
[2026-06-03T18:38:34.551Z] GET https://relocate-h9gs4bp1c-rahultjs-projects.vercel.app/_next/static/chunks/14bc00zcr2.it.js → 200 (195ms, 54628B)
[2026-06-03T18:38:34.551Z] GET https://relocate-h9gs4bp1c-rahultjs-projects.vercel.app/_next/static/chunks/01.1~lg0_vjho.js → 200 (156ms, 2953B)
[2026-06-03T18:38:34.551Z] GET https://relocate-h9gs4bp1c-rahultjs-projects.vercel.app/_next/static/chunks/0d6l764w0sgpi.js → 200 (121ms, 53961B)
[2026-06-03T18:38:39.012Z] POST https://relocate-h9gs4bp1c-rahultjs-projects.vercel.app/seller/add → pending (?ms, ?B)
[2026-06-03T18:38:54.236Z] GET https://relocate-h9gs4bp1c-rahultjs-projects.vercel.app/r/zv5t → pending (?ms, ?B)
[2026-06-03T18:38:54.664Z] GET https://relocate-h9gs4bp1c-rahultjs-projects.vercel.app/_next/static/media/01e4147cff8141ee-s.p.10ked.7w885.g.woff2 → 200 (1ms, ?B)
[2026-06-03T18:38:54.665Z] GET https://relocate-h9gs4bp1c-rahultjs-projects.vercel.app/_next/static/media/5c285b27cdda1fe8-s.p.0yo6-5yoeeudq.woff2 → 200 (?ms, ?B)
[2026-06-03T18:38:54.665Z] GET https://relocate-h9gs4bp1c-rahultjs-projects.vercel.app/_next/static/media/8bd76523131fa0fc-s.p.0jox806dnq5~c.woff2 → 200 (1ms, ?B)
[2026-06-03T18:38:54.666Z] GET https://relocate-h9gs4bp1c-rahultjs-projects.vercel.app/_next/static/chunks/09qbt~uc09tbp.css → 200 (?ms, 44468B)
[2026-06-03T18:38:54.666Z] GET https://relocate-h9gs4bp1c-rahultjs-projects.vercel.app/_next/static/chunks/0qvmbbkvsw8vu.js → 200 (1ms, 17563B)
[2026-06-03T18:38:54.667Z] GET https://relocate-h9gs4bp1c-rahultjs-projects.vercel.app/_next/static/chunks/012x4mlt-4-7y.js → 200 (?ms, 31981B)
[2026-06-03T18:38:54.667Z] GET https://relocate-h9gs4bp1c-rahultjs-projects.vercel.app/_next/static/chunks/04qdx8k16v0fq.js → 200 (4ms, 227522B)
[2026-06-03T18:38:54.671Z] GET https://relocate-h9gs4bp1c-rahultjs-projects.vercel.app/_next/static/chunks/0yk178_pjv6p1.js → 200 (?ms, 118465B)
[2026-06-03T18:38:54.672Z] GET https://relocate-h9gs4bp1c-rahultjs-projects.vercel.app/_next/static/chunks/06t03k43p8.im.js → 200 (1ms, 50684B)
[2026-06-03T18:38:54.673Z] GET https://relocate-h9gs4bp1c-rahultjs-projects.vercel.app/_next/static/chunks/turbopack-12za02bi51skd.js → 200 (?ms, 11052B)
[2026-06-03T18:38:54.673Z] GET https://relocate-h9gs4bp1c-rahultjs-projects.vercel.app/_next/static/chunks/0ea93mhu-jhty.js → 200 (2ms, 3376B)
[2026-06-03T18:38:54.675Z] GET https://relocate-h9gs4bp1c-rahultjs-projects.vercel.app/_next/static/chunks/14bc00zcr2.it.js → 200 (?ms, 54628B)
[2026-06-03T18:38:54.675Z] GET https://relocate-h9gs4bp1c-rahultjs-projects.vercel.app/_next/static/chunks/0muz7sq9l9tpq.js → 200 (124ms, 10621B)
[2026-06-03T18:38:54.807Z] GET https://relocate-h9gs4bp1c-rahultjs-projects.vercel.app/r/zv5t/wf45?_rsc=GBNZoKIN3Qx5SCw7 → 200 (171ms, 262B)
[2026-06-03T18:38:54.807Z] GET https://relocate-h9gs4bp1c-rahultjs-projects.vercel.app/r/zv5t/69ym?_rsc=GBNZoKIN3Qx5SCw7 → 200 (187ms, 262B)
[2026-06-03T18:38:54.807Z] GET https://relocate-h9gs4bp1c-rahultjs-projects.vercel.app/r/zv5t/tfjs?_rsc=GBNZoKIN3Qx5SCw7 → 200 (202ms, 262B)
[2026-06-03T18:38:54.980Z] GET https://relocate-h9gs4bp1c-rahultjs-projects.vercel.app/r/zv5t/wf45?_rsc=MF9bcRqBPQ2pneB9 → 200 (48ms, ?B)
[2026-06-03T18:38:54.995Z] GET https://relocate-h9gs4bp1c-rahultjs-projects.vercel.app/r/zv5t/69ym?_rsc=MF9bcRqBPQ2pneB9 → pending (?ms, ?B)
[2026-06-03T18:38:55.009Z] GET https://relocate-h9gs4bp1c-rahultjs-projects.vercel.app/r/zv5t/tfjs?_rsc=MF9bcRqBPQ2pneB9 → 200 (43ms, ?B)
[2026-06-03T18:40:15.913Z] GET https://relocate-h9gs4bp1c-rahultjs-projects.vercel.app/seller/add → 200 (43ms, 13032B)
[2026-06-03T18:40:15.961Z] GET https://relocate-h9gs4bp1c-rahultjs-projects.vercel.app/_next/static/media/01e4147cff8141ee-s.p.10ked.7w885.g.woff2 → 200 (?ms, ?B)
[2026-06-03T18:40:15.961Z] GET https://relocate-h9gs4bp1c-rahultjs-projects.vercel.app/_next/static/media/5c285b27cdda1fe8-s.p.0yo6-5yoeeudq.woff2 → 200 (?ms, ?B)
[2026-06-03T18:40:15.961Z] GET https://relocate-h9gs4bp1c-rahultjs-projects.vercel.app/_next/static/media/8bd76523131fa0fc-s.p.0jox806dnq5~c.woff2 → 200 (?ms, ?B)
[2026-06-03T18:40:15.961Z] GET https://relocate-h9gs4bp1c-rahultjs-projects.vercel.app/_next/static/chunks/09qbt~uc09tbp.css → 200 (1ms, 44468B)
[2026-06-03T18:40:15.962Z] GET https://relocate-h9gs4bp1c-rahultjs-projects.vercel.app/_next/static/chunks/0qvmbbkvsw8vu.js → 200 (?ms, 17563B)
[2026-06-03T18:40:15.962Z] GET https://relocate-h9gs4bp1c-rahultjs-projects.vercel.app/_next/static/chunks/012x4mlt-4-7y.js → 200 (?ms, 31981B)
[2026-06-03T18:40:15.963Z] GET https://relocate-h9gs4bp1c-rahultjs-projects.vercel.app/_next/static/chunks/04qdx8k16v0fq.js → 200 (?ms, 227522B)
[2026-06-03T18:40:15.963Z] GET https://relocate-h9gs4bp1c-rahultjs-projects.vercel.app/_next/static/chunks/0yk178_pjv6p1.js → 200 (?ms, 118465B)
[2026-06-03T18:40:15.964Z] GET https://relocate-h9gs4bp1c-rahultjs-projects.vercel.app/_next/static/chunks/06t03k43p8.im.js → 200 (?ms, 50684B)
[2026-06-03T18:40:15.964Z] GET https://relocate-h9gs4bp1c-rahultjs-projects.vercel.app/_next/static/chunks/turbopack-12za02bi51skd.js → 200 (?ms, 11052B)
[2026-06-03T18:40:15.964Z] GET https://relocate-h9gs4bp1c-rahultjs-projects.vercel.app/_next/static/chunks/0ea93mhu-jhty.js → 200 (1ms, 3376B)
[2026-06-03T18:40:15.965Z] GET https://relocate-h9gs4bp1c-rahultjs-projects.vercel.app/_next/static/chunks/14bc00zcr2.it.js → 200 (?ms, 54628B)
[2026-06-03T18:40:15.965Z] GET https://relocate-h9gs4bp1c-rahultjs-projects.vercel.app/_next/static/chunks/01.1~lg0_vjho.js → 200 (?ms, 2953B)
[2026-06-03T18:40:15.965Z] GET https://relocate-h9gs4bp1c-rahultjs-projects.vercel.app/_next/static/chunks/0d6l764w0sgpi.js → 200 (?ms, 53961B)
[2026-06-03T18:40:43.095Z] POST https://relocate-h9gs4bp1c-rahultjs-projects.vercel.app/seller/add → pending (?ms, ?B)
[2026-06-03T18:42:09.015Z] GET https://relocate-h9gs4bp1c-rahultjs-projects.vercel.app/ → 200 (333ms, 12401B)
[2026-06-03T18:42:09.365Z] GET https://relocate-h9gs4bp1c-rahultjs-projects.vercel.app/_next/static/media/01e4147cff8141ee-s.p.10ked.7w885.g.woff2 → 200 (1ms, ?B)
[2026-06-03T18:42:09.366Z] GET https://relocate-h9gs4bp1c-rahultjs-projects.vercel.app/_next/static/media/5c285b27cdda1fe8-s.p.0yo6-5yoeeudq.woff2 → 200 (?ms, ?B)
[2026-06-03T18:42:09.366Z] GET https://relocate-h9gs4bp1c-rahultjs-projects.vercel.app/_next/static/media/8bd76523131fa0fc-s.p.0jox806dnq5~c.woff2 → 200 (3ms, ?B)
[2026-06-03T18:42:09.369Z] GET https://relocate-h9gs4bp1c-rahultjs-projects.vercel.app/_next/static/chunks/09qbt~uc09tbp.css → 200 (?ms, 44468B)
[2026-06-03T18:42:09.369Z] GET https://relocate-h9gs4bp1c-rahultjs-projects.vercel.app/_next/static/chunks/0qvmbbkvsw8vu.js → 200 (1ms, 17563B)
[2026-06-03T18:42:09.370Z] GET https://relocate-h9gs4bp1c-rahultjs-projects.vercel.app/_next/static/chunks/012x4mlt-4-7y.js → 200 (?ms, 31981B)
[2026-06-03T18:42:09.370Z] GET https://relocate-h9gs4bp1c-rahultjs-projects.vercel.app/_next/static/chunks/04qdx8k16v0fq.js → 200 (4ms, 227522B)
[2026-06-03T18:42:09.374Z] GET https://relocate-h9gs4bp1c-rahultjs-projects.vercel.app/_next/static/chunks/0yk178_pjv6p1.js → 200 (?ms, 118465B)
[2026-06-03T18:42:09.374Z] GET https://relocate-h9gs4bp1c-rahultjs-projects.vercel.app/_next/static/chunks/06t03k43p8.im.js → 200 (1ms, 50684B)
[2026-06-03T18:42:09.375Z] GET https://relocate-h9gs4bp1c-rahultjs-projects.vercel.app/_next/static/chunks/turbopack-12za02bi51skd.js → 200 (?ms, 11052B)
[2026-06-03T18:42:09.375Z] GET https://relocate-h9gs4bp1c-rahultjs-projects.vercel.app/_next/static/chunks/0ea93mhu-jhty.js → 200 (2ms, 3376B)
[2026-06-03T18:42:09.377Z] GET https://relocate-h9gs4bp1c-rahultjs-projects.vercel.app/_next/static/chunks/14bc00zcr2.it.js → 200 (?ms, 54628B)
[2026-06-03T18:42:09.377Z] GET https://relocate-h9gs4bp1c-rahultjs-projects.vercel.app/_next/static/chunks/15imlh~8cwu_9.js → 200 (47ms, 5825B)
[2026-06-03T18:42:09.431Z] GET https://relocate-h9gs4bp1c-rahultjs-projects.vercel.app/seller/add?_rsc=5CB68i4pnAekjehf → 200 (41ms, 723B)
[2026-06-03T18:42:09.432Z] GET https://relocate-h9gs4bp1c-rahultjs-projects.vercel.app/r/zv5t/share?_rsc=5CB68i4pnAekjehf → pending (?ms, ?B)
[2026-06-03T18:42:09.432Z] GET https://relocate-h9gs4bp1c-rahultjs-projects.vercel.app/r/zv5t?_rsc=5CB68i4pnAekjehf → pending (?ms, ?B)
[2026-06-03T18:42:09.432Z] GET https://relocate-h9gs4bp1c-rahultjs-projects.vercel.app/r/phyz/share?_rsc=5CB68i4pnAekjehf → pending (?ms, ?B)
[2026-06-03T18:42:09.472Z] GET https://relocate-h9gs4bp1c-rahultjs-projects.vercel.app/r/phyz?_rsc=5CB68i4pnAekjehf → 200 (95ms, ?B)
[2026-06-03T18:42:09.569Z] GET https://relocate-h9gs4bp1c-rahultjs-projects.vercel.app/seller/add?_rsc=7h4NYy5eoyMcNlUN → 200 (30ms, 1163B)
[2026-06-03T18:42:09.569Z] GET https://relocate-h9gs4bp1c-rahultjs-projects.vercel.app/seller/add?_rsc=yIp22O3xgPPxC28X → 200 (39ms, 2047B)
[2026-06-03T18:42:09.600Z] GET https://relocate-h9gs4bp1c-rahultjs-projects.vercel.app/seller/add?_rsc=ZWYX7fH5EwHA6aD- → 200 (30ms, 445B)
[2026-06-03T18:42:09.608Z] GET https://relocate-h9gs4bp1c-rahultjs-projects.vercel.app/seller/add?_rsc=C_Xo3tYUK4YxFGY1 → 200 (35ms, 445B)
[2026-06-03T18:42:09.631Z] GET https://relocate-h9gs4bp1c-rahultjs-projects.vercel.app/seller/add?_rsc=QvhzLaRL-bul_QFR → 200 (31ms, 827B)
[2026-06-03T18:42:09.645Z] GET https://relocate-h9gs4bp1c-rahultjs-projects.vercel.app/r/zv5t?_rsc=tXyZJ52UQVBCVsD3 → 200 (49ms, ?B)
[2026-06-03T18:42:09.665Z] GET https://relocate-h9gs4bp1c-rahultjs-projects.vercel.app/_next/static/chunks/01.1~lg0_vjho.js → 200 (?ms, 2953B)
[2026-06-03T18:42:09.665Z] GET https://relocate-h9gs4bp1c-rahultjs-projects.vercel.app/_next/static/chunks/0d6l764w0sgpi.js → 200 (?ms, 53961B)
[2026-06-03T18:42:09.665Z] GET https://relocate-h9gs4bp1c-rahultjs-projects.vercel.app/r/phyz?_rsc=tXyZJ52UQVBCVsD3 → 200 (56ms, ?B)
[2026-06-03T18:42:09.728Z] GET https://relocate-h9gs4bp1c-rahultjs-projects.vercel.app/r/phyz/share?_rsc=tXyZJ52UQVBCVsD3 → 200 (60ms, ?B)
[2026-06-03T18:42:09.853Z] GET https://relocate-h9gs4bp1c-rahultjs-projects.vercel.app/r/zv5t/share?_rsc=tXyZJ52UQVBCVsD3 → 200 (59ms, ?B)
[2026-06-03T18:43:23.664Z] GET https://relocate-h9gs4bp1c-rahultjs-projects.vercel.app/seller/add → 200 (44ms, 13032B)
[2026-06-03T18:43:23.717Z] GET https://relocate-h9gs4bp1c-rahultjs-projects.vercel.app/_next/static/media/01e4147cff8141ee-s.p.10ked.7w885.g.woff2 → 200 (?ms, ?B)
[2026-06-03T18:43:23.718Z] GET https://relocate-h9gs4bp1c-rahultjs-projects.vercel.app/_next/static/media/5c285b27cdda1fe8-s.p.0yo6-5yoeeudq.woff2 → 200 (?ms, ?B)
[2026-06-03T18:43:23.719Z] GET https://relocate-h9gs4bp1c-rahultjs-projects.vercel.app/_next/static/media/8bd76523131fa0fc-s.p.0jox806dnq5~c.woff2 → 200 (?ms, ?B)
[2026-06-03T18:43:23.719Z] GET https://relocate-h9gs4bp1c-rahultjs-projects.vercel.app/_next/static/chunks/09qbt~uc09tbp.css → 200 (?ms, 44468B)
[2026-06-03T18:43:23.719Z] GET https://relocate-h9gs4bp1c-rahultjs-projects.vercel.app/_next/static/chunks/0qvmbbkvsw8vu.js → 200 (?ms, 17563B)
[2026-06-03T18:43:23.720Z] GET https://relocate-h9gs4bp1c-rahultjs-projects.vercel.app/_next/static/chunks/012x4mlt-4-7y.js → 200 (?ms, 31981B)
[2026-06-03T18:43:23.720Z] GET https://relocate-h9gs4bp1c-rahultjs-projects.vercel.app/_next/static/chunks/04qdx8k16v0fq.js → 200 (?ms, 227522B)
[2026-06-03T18:43:23.720Z] GET https://relocate-h9gs4bp1c-rahultjs-projects.vercel.app/_next/static/chunks/0yk178_pjv6p1.js → 200 (1ms, 118465B)
[2026-06-03T18:43:23.721Z] GET https://relocate-h9gs4bp1c-rahultjs-projects.vercel.app/_next/static/chunks/06t03k43p8.im.js → 200 (?ms, 50684B)
[2026-06-03T18:43:23.721Z] GET https://relocate-h9gs4bp1c-rahultjs-projects.vercel.app/_next/static/chunks/turbopack-12za02bi51skd.js → 200 (?ms, 11052B)
[2026-06-03T18:43:23.721Z] GET https://relocate-h9gs4bp1c-rahultjs-projects.vercel.app/_next/static/chunks/0ea93mhu-jhty.js → 200 (?ms, 3376B)
[2026-06-03T18:43:23.721Z] GET https://relocate-h9gs4bp1c-rahultjs-projects.vercel.app/_next/static/chunks/14bc00zcr2.it.js → 200 (1ms, 54628B)
[2026-06-03T18:43:23.722Z] GET https://relocate-h9gs4bp1c-rahultjs-projects.vercel.app/_next/static/chunks/01.1~lg0_vjho.js → 200 (?ms, 2953B)
[2026-06-03T18:43:23.722Z] GET https://relocate-h9gs4bp1c-rahultjs-projects.vercel.app/_next/static/chunks/0d6l764w0sgpi.js → 200 (?ms, 53961B)
[2026-06-03T18:43:29.272Z] POST https://relocate-h9gs4bp1c-rahultjs-projects.vercel.app/seller/add → pending (?ms, ?B)
[2026-06-03T18:44:21.079Z] GET http://localhost:3000/seller/add → 200 (45ms, 18258B)
[2026-06-03T18:44:21.142Z] GET http://localhost:3000/_next/static/media/01e4147cff8141ee-s.p.10ked.7w885.g.woff2 → 200 (46ms, 37776B)
[2026-06-03T18:44:21.142Z] GET http://localhost:3000/_next/static/media/5c285b27cdda1fe8-s.p.0yo6-5yoeeudq.woff2 → 200 (45ms, 36980B)
[2026-06-03T18:44:21.142Z] GET http://localhost:3000/_next/static/media/8bd76523131fa0fc-s.p.0jox806dnq5~c.woff2 → 200 (46ms, 39304B)
[2026-06-03T18:44:21.142Z] GET http://localhost:3000/_next/static/chunks/%5Broot-of-the-server%5D__0nhqb46._.css → 200 (47ms, 56877B)
[2026-06-03T18:44:21.142Z] GET http://localhost:3000/_next/static/chunks/%5Bturbopack%5D_browser_dev_hmr-client_hmr-client_ts_0gx~mc1._.js → 200 (48ms, 675B)
[2026-06-03T18:44:21.142Z] GET http://localhost:3000/_next/static/chunks/01vs_next_dist_compiled_next-devtools_index_0l-w83u.js → 200 (49ms, 746664B)
[2026-06-03T18:44:21.142Z] GET http://localhost:3000/_next/static/chunks/01vs_next_dist_compiled_react-dom_068f94d._.js → 200 (48ms, 1060415B)
[2026-06-03T18:44:21.143Z] GET http://localhost:3000/_next/static/chunks/01vs_next_dist_compiled_react-server-dom-turbopack_0kj3bu0._.js → 200 (47ms, 175812B)
[2026-06-03T18:44:21.143Z] GET http://localhost:3000/_next/static/chunks/01vs_next_dist_compiled_0x276ti._.js → 200 (47ms, 149115B)
[2026-06-03T18:44:21.143Z] GET http://localhost:3000/_next/static/chunks/01vs_next_dist_client_10-2.sc._.js → 200 (47ms, 800537B)
[2026-06-03T18:44:21.143Z] GET http://localhost:3000/_next/static/chunks/01vs_next_dist_0z7rf41._.js → 200 (47ms, 267762B)
[2026-06-03T18:44:21.143Z] GET http://localhost:3000/_next/static/chunks/0i4a_%40swc_helpers_cjs_0hvz.20._.js → 200 (47ms, 2054B)
[2026-06-03T18:44:21.143Z] GET http://localhost:3000/_next/static/chunks/_0rqeker._.js → 200 (47ms, 700B)
[2026-06-03T18:44:21.143Z] GET http://localhost:3000/_next/static/chunks/turbopack-_0.joa0t._.js → 200 (48ms, 92483B)
[2026-06-03T18:44:21.144Z] GET http://localhost:3000/_next/static/chunks/01vs_next_dist_0fgiqgl._.js → 200 (48ms, 223059B)
[2026-06-03T18:44:21.144Z] GET http://localhost:3000/_next/static/chunks/src_app_layout_tsx_0r.2mg_._.js → 200 (47ms, 307B)
[2026-06-03T18:44:21.144Z] GET http://localhost:3000/_next/static/chunks/src_00n5e~g._.js → 200 (47ms, 122235B)
[2026-06-03T18:44:21.144Z] GET http://localhost:3000/_next/static/chunks/node_modules__pnpm_0ixsdja._.js → 200 (48ms, 283023B)
[2026-06-03T18:44:21.144Z] GET http://localhost:3000/_next/static/chunks/src_app_seller_add_page_tsx_0c-8ay4._.js → 200 (47ms, 292B)
[2026-06-03T18:44:21.144Z] GET http://localhost:3000/_next/static/chunks/01vs_next_dist_client_components_builtin_global-error_0c-8ay4.js → 200 (48ms, 212B)
[2026-06-03T18:44:21.317Z] GET http://localhost:3000/_next/static/chunks/%5Bturbopack%5D_browser_dev_hmr-client_hmr-client_ts_0yjw1oe._.js → 200 (3ms, 15615B)
[2026-06-03T18:44:21.318Z] GET http://localhost:3000/_next/static/chunks/%5Bturbopack%5D_browser_dev_hmr-client_hmr-client_ts_0-hdr98._.js → 200 (3ms, 289B)
[2026-06-03T18:44:26.874Z] POST http://localhost:3000/seller/add → pending (?ms, ?B)
[2026-06-03T18:44:27.290Z] GET http://localhost:3000/__nextjs_font/geist-latin.woff2 → 200 (1ms, 28356B)
[2026-06-03T18:45:51.280Z] GET https://relocate-h9gs4bp1c-rahultjs-projects.vercel.app/seller/add → 200 (35ms, 13032B)
[2026-06-03T18:45:51.334Z] GET https://relocate-h9gs4bp1c-rahultjs-projects.vercel.app/_next/static/media/01e4147cff8141ee-s.p.10ked.7w885.g.woff2 → 200 (17ms, 37776B)
[2026-06-03T18:45:51.335Z] GET https://relocate-h9gs4bp1c-rahultjs-projects.vercel.app/_next/static/media/5c285b27cdda1fe8-s.p.0yo6-5yoeeudq.woff2 → 200 (17ms, 36980B)
[2026-06-03T18:45:51.335Z] GET https://relocate-h9gs4bp1c-rahultjs-projects.vercel.app/_next/static/media/8bd76523131fa0fc-s.p.0jox806dnq5~c.woff2 → 200 (17ms, 39304B)
[2026-06-03T18:45:51.335Z] GET https://relocate-h9gs4bp1c-rahultjs-projects.vercel.app/_next/static/chunks/09qbt~uc09tbp.css → 200 (16ms, 44468B)
[2026-06-03T18:45:51.335Z] GET https://relocate-h9gs4bp1c-rahultjs-projects.vercel.app/_next/static/chunks/0qvmbbkvsw8vu.js → 200 (17ms, 17563B)
[2026-06-03T18:45:51.335Z] GET https://relocate-h9gs4bp1c-rahultjs-projects.vercel.app/_next/static/chunks/012x4mlt-4-7y.js → 200 (17ms, 31981B)
[2026-06-03T18:45:51.335Z] GET https://relocate-h9gs4bp1c-rahultjs-projects.vercel.app/_next/static/chunks/04qdx8k16v0fq.js → 200 (21ms, 227522B)
[2026-06-03T18:45:51.335Z] GET https://relocate-h9gs4bp1c-rahultjs-projects.vercel.app/_next/static/chunks/0yk178_pjv6p1.js → 200 (21ms, 118465B)
[2026-06-03T18:45:51.335Z] GET https://relocate-h9gs4bp1c-rahultjs-projects.vercel.app/_next/static/chunks/06t03k43p8.im.js → 200 (17ms, 50684B)
[2026-06-03T18:45:51.335Z] GET https://relocate-h9gs4bp1c-rahultjs-projects.vercel.app/_next/static/chunks/turbopack-12za02bi51skd.js → 200 (18ms, 11052B)
[2026-06-03T18:45:51.335Z] GET https://relocate-h9gs4bp1c-rahultjs-projects.vercel.app/_next/static/chunks/0ea93mhu-jhty.js → 200 (18ms, 3376B)
[2026-06-03T18:45:51.335Z] GET https://relocate-h9gs4bp1c-rahultjs-projects.vercel.app/_next/static/chunks/14bc00zcr2.it.js → 200 (21ms, 54628B)
[2026-06-03T18:45:51.335Z] GET https://relocate-h9gs4bp1c-rahultjs-projects.vercel.app/_next/static/chunks/01.1~lg0_vjho.js → 200 (18ms, 2953B)
[2026-06-03T18:45:51.336Z] GET https://relocate-h9gs4bp1c-rahultjs-projects.vercel.app/_next/static/chunks/0d6l764w0sgpi.js → 200 (20ms, 53961B)
[2026-06-03T18:46:09.373Z] POST https://relocate-h9gs4bp1c-rahultjs-projects.vercel.app/seller/add → pending (?ms, ?B)
[2026-06-03T18:47:30.621Z] GET http://localhost:3000/seller/add → 200 (8ms, 13031B)
[2026-06-03T18:47:30.669Z] GET http://localhost:3000/_next/static/media/01e4147cff8141ee-s.p.10ked.7w885.g.woff2 → 200 (24ms, 37776B)
[2026-06-03T18:47:30.669Z] GET http://localhost:3000/_next/static/media/5c285b27cdda1fe8-s.p.0yo6-5yoeeudq.woff2 → 200 (24ms, 36980B)
[2026-06-03T18:47:30.669Z] GET http://localhost:3000/_next/static/media/8bd76523131fa0fc-s.p.0jox806dnq5~c.woff2 → 200 (24ms, 39304B)
[2026-06-03T18:47:30.669Z] GET http://localhost:3000/_next/static/chunks/09qbt~uc09tbp.css → 200 (24ms, 44468B)
[2026-06-03T18:47:30.669Z] GET http://localhost:3000/_next/static/chunks/0wez8zg~spqpi.js → 200 (25ms, 17564B)
[2026-06-03T18:47:30.670Z] GET http://localhost:3000/_next/static/chunks/16kv-2wvm02-j.js → 200 (24ms, 31988B)
[2026-06-03T18:47:30.670Z] GET http://localhost:3000/_next/static/chunks/0ni-8dyxk08xj.js → 200 (25ms, 227535B)
[2026-06-03T18:47:30.670Z] GET http://localhost:3000/_next/static/chunks/01~ebb_._9idz.js → 200 (24ms, 118448B)
[2026-06-03T18:47:30.670Z] GET http://localhost:3000/_next/static/chunks/0x1mobvioqs2v.js → 200 (24ms, 50688B)
[2026-06-03T18:47:30.670Z] GET http://localhost:3000/_next/static/chunks/turbopack-0emh6jku-_k81.js → 200 (24ms, 10613B)
[2026-06-03T18:47:30.670Z] GET http://localhost:3000/_next/static/chunks/06k6o5~7u5tj3.js → 200 (24ms, 3377B)
[2026-06-03T18:47:30.670Z] GET http://localhost:3000/_next/static/chunks/14xdthwga5u9i.js → 200 (25ms, 54640B)
[2026-06-03T18:47:30.670Z] GET http://localhost:3000/_next/static/chunks/12v90hr2~xoyt.js → 200 (24ms, 2952B)
[2026-06-03T18:47:30.670Z] GET http://localhost:3000/_next/static/chunks/0i2w7ufmjh0qf.js → 200 (25ms, 54327B)
[2026-06-03T18:47:36.284Z] POST http://localhost:3000/seller/add → pending (?ms, ?B)
